0 verbose cli /Users/countzedan/.nvm/versions/node/v22.15.1/bin/node /Users/countzedan/.nvm/versions/node/v22.15.1/bin/npm
1 info using npm@11.5.2
2 info using node@v22.15.1
3 silly config load:file:/Users/countzedan/.nvm/versions/node/v22.15.1/lib/node_modules/npm/npmrc
4 silly config load:file:/Users/countzedan/distributed-systems/db_replication/ecommerce/.npmrc
5 silly config load:file:/Users/countzedan/.npmrc
6 silly config load:file:/Users/countzedan/.nvm/versions/node/v22.15.1/etc/npmrc
7 verbose title npm install
8 verbose argv "install" "--cache" "/Users/countzedan/distributed-systems/db_replication/ecommerce/.npm-cache"
9 verbose logfile logs-max:10 dir:/Users/countzedan/distributed-systems/db_replication/ecommerce/.npm-cache/_logs/2026-08-15T13_08_01_781Z-
10 verbose logfile /Users/countzedan/distributed-systems/db_replication/ecommerce/.npm-cache/_logs/2026-08-15T13_08_01_781Z-debug-0.log
11 silly logfile done cleaning log files
12 silly packumentCache heap:2197815296 maxSize:549453824 maxEntrySize:274726912
13 silly idealTree buildDeps
14 silly reify moves {}
15 silly audit bulk request {
15 silly audit   '@electric-sql/pglite': [ '0.4.3' ],
15 silly audit   '@electric-sql/pglite-socket': [ '0.1.3' ],
15 silly audit   '@electric-sql/pglite-tools': [ '0.3.3' ],
15 silly audit   '@esbuild/aix-ppc64': [ '0.28.2' ],
15 silly audit   '@esbuild/android-arm': [ '0.28.2' ],
15 silly audit   '@esbuild/android-arm64': [ '0.28.2' ],
15 silly audit   '@esbuild/android-x64': [ '0.28.2' ],
15 silly audit   '@esbuild/darwin-arm64': [ '0.28.2' ],
15 silly audit   '@esbuild/darwin-x64': [ '0.28.2' ],
15 silly audit   '@esbuild/freebsd-arm64': [ '0.28.2' ],
15 silly audit   '@esbuild/freebsd-x64': [ '0.28.2' ],
15 silly audit   '@esbuild/linux-arm': [ '0.28.2' ],
15 silly audit   '@esbuild/linux-arm64': [ '0.28.2' ],
15 silly audit   '@esbuild/linux-ia32': [ '0.28.2' ],
15 silly audit   '@esbuild/linux-loong64': [ '0.28.2' ],
15 silly audit   '@esbuild/linux-mips64el': [ '0.28.2' ],
15 silly audit   '@esbuild/linux-ppc64': [ '0.28.2' ],
15 silly audit   '@esbuild/linux-riscv64': [ '0.28.2' ],
15 silly audit   '@esbuild/linux-s390x': [ '0.28.2' ],
15 silly audit   '@esbuild/linux-x64': [ '0.28.2' ],
15 silly audit   '@esbuild/netbsd-arm64': [ '0.28.2' ],
15 silly audit   '@esbuild/netbsd-x64': [ '0.28.2' ],
15 silly audit   '@esbuild/openbsd-arm64': [ '0.28.2' ],
15 silly audit   '@esbuild/openbsd-x64': [ '0.28.2' ],
15 silly audit   '@esbuild/openharmony-arm64': [ '0.28.2' ],
15 silly audit   '@esbuild/sunos-x64': [ '0.28.2' ],
15 silly audit   '@esbuild/win32-arm64': [ '0.28.2' ],
15 silly audit   '@esbuild/win32-ia32': [ '0.28.2' ],
15 silly audit   '@esbuild/win32-x64': [ '0.28.2' ],
15 silly audit   '@prisma/client': [ '7.9.1' ],
15 silly audit   '@prisma/client-runtime-utils': [ '7.9.1' ],
15 silly audit   '@prisma/config': [ '7.9.1' ],
15 silly audit   '@prisma/debug': [ '7.9.1', '7.2.0' ],
15 silly audit   '@prisma/dev': [ '0.24.17' ],
15 silly audit   '@prisma/engines': [ '7.9.1' ],
15 silly audit   '@prisma/engines-version': [ '7.9.0-1.e922089b7d7502aff4249d5da3420f6fa55fc6ad' ],
15 silly audit   '@prisma/get-platform': [ '7.9.1', '7.2.0' ],
15 silly audit   '@prisma/fetch-engine': [ '7.9.1' ],
15 silly audit   '@prisma/query-plan-executor': [ '7.2.0' ],
15 silly audit   '@prisma/streams-local': [ '0.1.11' ],
15 silly audit   '@prisma/studio-core': [ '0.33.0' ],
15 silly audit   '@radix-ui/primitive': [ '1.1.3' ],
15 silly audit   '@radix-ui/react-compose-refs': [ '1.1.2' ],
15 silly audit   '@radix-ui/react-primitive': [ '2.1.3' ],
15 silly audit   '@radix-ui/react-slot': [ '1.2.3' ],
15 silly audit   '@radix-ui/react-toggle': [ '1.1.10' ],
15 silly audit   '@radix-ui/react-use-controllable-state': [ '1.2.2' ],
15 silly audit   '@radix-ui/react-use-effect-event': [ '0.0.2' ],
15 silly audit   '@radix-ui/react-use-layout-effect': [ '1.1.1' ],
15 silly audit   '@standard-schema/spec': [ '1.1.0' ],
15 silly audit   '@types/body-parser': [ '1.19.6' ],
15 silly audit   '@types/connect': [ '3.4.38' ],
15 silly audit   '@types/d3-array': [ '3.0.3' ],
15 silly audit   '@types/d3-color': [ '3.1.0' ],
15 silly audit   '@types/d3-delaunay': [ '6.0.1' ],
15 silly audit   '@types/d3-format': [ '3.0.1' ],
15 silly audit   '@types/d3-geo': [ '3.1.0' ],
15 silly audit   '@types/d3-interpolate': [ '3.0.1' ],
15 silly audit   '@types/d3-path': [ '3.1.1' ],
15 silly audit   '@types/d3-scale': [ '4.0.2' ],
15 silly audit   '@types/d3-shape': [ '3.1.7' ],
15 silly audit   '@types/d3-time': [ '3.0.0' ],
15 silly audit   '@types/d3-time-format': [ '2.1.0' ],
15 silly audit   '@types/express': [ '5.0.6' ],
15 silly audit   '@types/express-serve-static-core': [ '5.1.3' ],
15 silly audit   '@types/geojson': [ '7946.0.16' ],
15 silly audit   '@types/http-errors': [ '2.0.5' ],
15 silly audit   '@types/lodash': [ '4.17.25' ],
15 silly audit   '@types/node': [ '26.2.0' ],
15 silly audit   '@types/qs': [ '6.15.1' ],
15 silly audit   '@types/range-parser': [ '1.2.7' ],
15 silly audit   '@types/react': [ '19.2.18' ],
15 silly audit   '@types/send': [ '1.2.1' ],
15 silly audit   '@types/serve-static': [ '2.2.0' ],
15 silly audit   '@typescript/typescript-aix-ppc64': [ '7.0.2' ],
15 silly audit   '@typescript/typescript-darwin-arm64': [ '7.0.2' ],
15 silly audit   '@typescript/typescript-darwin-x64': [ '7.0.2' ],
15 silly audit   '@typescript/typescript-freebsd-arm64': [ '7.0.2' ],
15 silly audit   '@typescript/typescript-freebsd-x64': [ '7.0.2' ],
15 silly audit   '@typescript/typescript-linux-arm': [ '7.0.2' ],
15 silly audit   '@typescript/typescript-linux-arm64': [ '7.0.2' ],
15 silly audit   '@typescript/typescript-linux-loong64': [ '7.0.2' ],
15 silly audit   '@typescript/typescript-linux-mips64el': [ '7.0.2' ],
15 silly audit   '@typescript/typescript-linux-ppc64': [ '7.0.2' ],
15 silly audit   '@typescript/typescript-linux-riscv64': [ '7.0.2' ],
15 silly audit   '@typescript/typescript-linux-s390x': [ '7.0.2' ],
15 silly audit   '@typescript/typescript-linux-x64': [ '7.0.2' ],
15 silly audit   '@typescript/typescript-netbsd-arm64': [ '7.0.2' ],
15 silly audit   '@typescript/typescript-netbsd-x64': [ '7.0.2' ],
15 silly audit   '@typescript/typescript-openbsd-arm64': [ '7.0.2' ],
15 silly audit   '@typescript/typescript-openbsd-x64': [ '7.0.2' ],
15 silly audit   '@typescript/typescript-sunos-x64': [ '7.0.2' ],
15 silly audit   '@typescript/typescript-win32-arm64': [ '7.0.2' ],
15 silly audit   '@typescript/typescript-win32-x64': [ '7.0.2' ],
15 silly audit   '@visx/curve': [ '4.0.1-alpha.0' ],
15 silly audit   '@visx/event': [ '4.0.1-alpha.0' ],
15 silly audit   '@visx/grid': [ '4.0.1-alpha.0' ],
15 silly audit   '@visx/group': [ '4.0.1-alpha.0' ],
15 silly audit   '@visx/point': [ '4.0.1-alpha.0' ],
15 silly audit   '@visx/responsive': [ '4.0.1-alpha.0' ],
15 silly audit   '@visx/scale': [ '4.0.1-alpha.0' ],
15 silly audit   '@visx/shape': [ '4.0.1-alpha.0' ],
15 silly audit   '@visx/vendor': [ '4.0.0-alpha.0' ],
15 silly audit   'd3-array': [ '3.2.1', '3.2.4' ],
15 silly audit   accepts: [ '2.0.0' ],
15 silly audit   ajv: [ '8.20.0' ],
15 silly audit   'aws-ssl-profiles': [ '1.1.2' ],
15 silly audit   'better-result': [ '2.10.0' ],
15 silly audit   'body-parser': [ '2.3.0' ],
15 silly audit   'content-type': [ '2.0.0', '1.0.5' ],
15 silly audit   bytes: [ '3.1.2' ],
15 silly audit   c12: [ '3.3.4' ],
15 silly audit   'call-bind-apply-helpers': [ '1.0.2' ],
15 silly audit   'call-bound': [ '1.0.4' ],
15 silly audit   chokidar: [ '5.0.0' ],
15 silly audit   classnames: [ '2.5.1' ],
15 silly audit   confbox: [ '0.2.4' ],
15 silly audit   'content-disposition': [ '1.1.0' ],
15 silly audit   cookie: [ '0.7.2' ],
15 silly audit   'cookie-signature': [ '1.2.2' ],
15 silly audit   'cross-spawn': [ '7.0.6' ],
15 silly audit   csstype: [ '3.2.3' ],
15 silly audit   'd3-color': [ '3.1.0' ],
15 silly audit   'd3-delaunay': [ '6.0.2' ],
15 silly audit   'd3-format': [ '3.1.0' ],
15 silly audit   'd3-geo': [ '3.1.0' ],
15 silly audit   'd3-interpolate': [ '3.0.1' ],
15 silly audit   'd3-path': [ '3.1.0' ],
15 silly audit   'd3-scale': [ '4.0.2' ],
15 silly audit   'd3-shape': [ '3.2.0' ],
15 silly audit   'd3-time': [ '3.1.0' ],
15 silly audit   'd3-time-format': [ '4.1.0' ],
15 silly audit   debug: [ '4.4.3' ],
15 silly audit   'deepmerge-ts': [ '7.1.5' ],
15 silly audit   defu: [ '6.1.7' ],
15 silly audit   delaunator: [ '5.1.0' ],
15 silly audit   denque: [ '2.1.0' ],
15 silly audit   depd: [ '2.0.0' ],
15 silly audit   destr: [ '2.0.5' ],
15 silly audit   dotenv: [ '17.4.2' ],
15 silly audit   'dunder-proto': [ '1.0.1' ],
15 silly audit   'ee-first': [ '1.1.1' ],
15 silly audit   effect: [ '3.20.0' ],
15 silly audit   elkjs: [ '0.11.1' ],
15 silly audit   empathic: [ '2.0.0' ],
15 silly audit   encodeurl: [ '2.0.0' ],
15 silly audit   'env-paths': [ '3.0.0' ],
15 silly audit   'es-define-property': [ '1.0.1' ],
15 silly audit   'es-errors': [ '1.3.0' ],
15 silly audit   'es-object-atoms': [ '1.1.2' ],
15 silly audit   esbuild: [ '0.28.2' ],
15 silly audit   'escape-html': [ '1.0.3' ],
15 silly audit   etag: [ '1.8.1' ],
15 silly audit   express: [ '5.2.1' ],
15 silly audit   exsolve: [ '1.1.1' ],
15 silly audit   'fast-check': [ '3.23.2' ],
15 silly audit   'fast-decode-uri-component': [ '1.0.1' ],
15 silly audit   'fast-deep-equal': [ '3.1.3' ],
15 silly audit   'fast-querystring': [ '1.1.2' ],
15 silly audit   'fast-uri': [ '3.1.5' ],
15 silly audit   finalhandler: [ '2.1.1' ],
15 silly audit   'find-my-way': [ '9.7.0' ],
15 silly audit   'foreground-child': [ '3.3.1' ],
15 silly audit   forwarded: [ '0.2.0' ],
15 silly audit   fresh: [ '2.0.0' ],
15 silly audit   fsevents: [ '2.3.3' ],
15 silly audit   'function-bind': [ '1.1.2' ],
15 silly audit   'generate-function': [ '2.3.1' ],
15 silly audit   'get-intrinsic': [ '1.3.0' ],
15 silly audit   'get-port-please': [ '3.2.0' ],
15 silly audit   'get-proto': [ '1.0.1' ],
15 silly audit   giget: [ '3.3.1' ],
15 silly audit   gopd: [ '1.2.0' ],
15 silly audit   'graceful-fs': [ '4.2.11' ],
15 silly audit   grammex: [ '3.1.13' ],
15 silly audit   graphmatch: [ '1.1.1' ],
15 silly audit   'has-symbols': [ '1.1.0' ],
15 silly audit   hasown: [ '2.0.4' ],
15 silly audit   'http-errors': [ '2.0.1' ],
15 silly audit   'iconv-lite': [ '0.7.3' ],
15 silly audit   inherits: [ '2.0.4' ],
15 silly audit   internmap: [ '2.0.3' ],
15 silly audit   'ipaddr.js': [ '1.9.1' ],
15 silly audit   'is-promise': [ '4.0.0' ],
15 silly audit   'is-property': [ '1.0.2' ],
15 silly audit   isexe: [ '2.0.0' ],
15 silly audit   jiti: [ '2.7.0' ],
15 silly audit   'json-schema-traverse': [ '1.0.0' ],
15 silly audit   lodash: [ '4.18.1' ],
15 silly audit   long: [ '5.3.2' ],
15 silly audit   'lru.min': [ '1.1.4' ],
15 silly audit   'math-intrinsics': [ '1.1.0' ],
15 silly audit   'media-typer': [ '1.1.1' ],
15 silly audit   'merge-descriptors': [ '2.0.0' ],
15 silly audit   'mime-db': [ '1.54.0' ],
15 silly audit   'mime-types': [ '3.0.2' ],
15 silly audit   ms: [ '2.1.3' ],
15 silly audit   mysql2: [ '3.15.3' ],
15 silly audit   'named-placeholders': [ '1.1.6' ],
15 silly audit   negotiator: [ '1.0.0' ],
15 silly audit   'object-inspect': [ '1.13.4' ],
15 silly audit   ohash: [ '2.0.12' ],
15 silly audit   'on-finished': [ '2.4.1' ],
15 silly audit   once: [ '1.4.0' ],
15 silly audit   parseurl: [ '1.3.3' ],
15 silly audit   'path-key': [ '3.1.1' ],
15 silly audit   'path-to-regexp': [ '8.4.2' ],
15 silly audit   pathe: [ '2.0.3' ],
15 silly audit   'perfect-debounce': [ '2.1.0' ],
15 silly audit   'pkg-types': [ '2.3.1' ],
15 silly audit   postgres: [ '3.4.7' ],
15 silly audit   prisma: [ '7.9.1' ],
15 silly audit   'proper-lockfile': [ '4.1.2' ],
15 silly audit   'signal-exit': [ '3.0.7', '4.1.0' ],
15 silly audit   'proxy-addr': [ '2.0.7' ],
15 silly audit   'pure-rand': [ '6.1.0' ],
15 silly audit   qs: [ '6.15.3' ],
15 silly audit   'range-parser': [ '1.3.0' ],
15 silly audit   'raw-body': [ '3.0.2' ],
15 silly audit   rc9: [ '3.0.1' ],
15 silly audit   react: [ '19.2.8' ],
15 silly audit   'react-dom': [ '19.2.8' ],
15 silly audit   readdirp: [ '5.1.1' ],
15 silly audit   remeda: [ '2.33.4' ],
15 silly audit   'require-from-string': [ '2.0.2' ],
15 silly audit   ret: [ '0.5.0' ],
15 silly audit   retry: [ '0.12.0' ],
15 silly audit   'robust-predicates': [ '3.0.3' ],
15 silly audit   router: [ '2.2.0' ],
15 silly audit   'safe-regex2': [ '5.1.1' ],
15 silly audit   'safer-buffer': [ '2.1.2' ],
15 silly audit   scheduler: [ '0.27.0' ],
15 silly audit   send: [ '1.2.1' ],
15 silly audit   'seq-queue': [ '0.0.5' ],
15 silly audit   'serve-static': [ '2.2.1' ],
15 silly audit   setprototypeof: [ '1.2.0' ],
15 silly audit   'shebang-command': [ '2.0.0' ],
15 silly audit   'shebang-regex': [ '3.0.0' ],
15 silly audit   'side-channel': [ '1.1.1' ],
15 silly audit   'side-channel-list': [ '1.0.1' ],
15 silly audit   'side-channel-map': [ '1.0.1' ],
15 silly audit   'side-channel-weakmap': [ '1.0.2' ],
15 silly audit   sqlstring: [ '2.3.3' ],
15 silly audit   statuses: [ '2.0.2' ],
15 silly audit   'std-env': [ '3.10.0' ],
15 silly audit   toidentifier: [ '1.0.1' ],
15 silly audit   tsx: [ '4.23.12' ],
15 silly audit   'type-is': [ '2.1.0' ],
15 silly audit   typescript: [ '7.0.2' ],
15 silly audit   'undici-types': [ '8.3.0' ],
15 silly audit   unpipe: [ '1.0.0' ],
15 silly audit   valibot: [ '1.4.2' ],
15 silly audit   vary: [ '1.1.2' ],
15 silly audit   which: [ '2.0.2' ],
15 silly audit   wrappy: [ '1.0.2' ],
15 silly audit   zeptomatch: [ '2.1.0' ]
15 silly audit }
16 http fetch POST 403 https://registry.npmjs.org/-/npm/v1/security/advisories/bulk 79ms
17 verbose audit error HttpErrorGeneral: 403 Forbidden - POST https://registry.npmjs.org/-/npm/v1/security/advisories/bulk
17 verbose audit error     at /Users/countzedan/.nvm/versions/node/v22.15.1/lib/node_modules/npm/node_modules/npm-registry-fetch/lib/check-response.js:103:15
17 verbose audit error     at process.processTicksAndRejections (node:internal/process/task_queues:105:5)
17 verbose audit error     at async #getReport (/Users/countzedan/.nvm/versions/node/v22.15.1/lib/node_modules/npm/node_modules/@npmcli/arborist/lib/audit-report.js:275:19)
17 verbose audit error     at async AuditReport.run (/Users/countzedan/.nvm/versions/node/v22.15.1/lib/node_modules/npm/node_modules/@npmcli/arborist/lib/audit-report.js:100:19)
17 verbose audit error     at async Arborist.reify (/Users/countzedan/.nvm/versions/node/v22.15.1/lib/node_modules/npm/node_modules/@npmcli/arborist/lib/arborist/reify.js:275:24)
17 verbose audit error     at async Install.exec (/Users/countzedan/.nvm/versions/node/v22.15.1/lib/node_modules/npm/lib/commands/install.js:150:5)
17 verbose audit error     at async Npm.exec (/Users/countzedan/.nvm/versions/node/v22.15.1/lib/node_modules/npm/lib/npm.js:208:9)
17 verbose audit error     at async module.exports (/Users/countzedan/.nvm/versions/node/v22.15.1/lib/node_modules/npm/lib/cli/entry.js:67:5) {
17 verbose audit error   headers: [Object: null prototype] {
17 verbose audit error     'content-type': [ 'text/plain' ],
17 verbose audit error     'x-proxy-error': [ 'blocked-by-allowlist' ],
17 verbose audit error     'x-fetch-attempts': [ '1' ]
17 verbose audit error   },
17 verbose audit error   statusCode: 403,
17 verbose audit error   code: 'E403',
17 verbose audit error   method: 'POST',
17 verbose audit error   uri: 'https://registry.npmjs.org/-/npm/v1/security/advisories/bulk',
17 verbose audit error   body: <Buffer 43 6f 6e 6e 65 63 74 69 6f 6e 20 62 6c 6f 63 6b 65 64 20 62 79 20 6e 65 74 77 6f 72 6b 20 61 6c 6c 6f 77 6c 69 73 74>,
17 verbose audit error   pkgid: undefined
17 verbose audit error }
18 silly audit error Connection blocked by network allowlist
19 silly audit report null
20 verbose cwd /Users/countzedan/distributed-systems/db_replication/ecommerce
21 verbose os Darwin 24.6.0
22 verbose node v22.15.1
23 verbose npm  v11.5.2
24 verbose exit 0
25 info ok
